should render with default values:
  1: |
    raw: |
      Welcome to Grafana Alloy!
  2: |
    apiVersion: v1
    data:
      config.alloy: |-
        logging {
        	level  = "info"
        	format = "logfmt"
        }

        discovery.kubernetes "pods" {
        	role = "pod"
        }

        discovery.kubernetes "nodes" {
        	role = "node"
        }

        discovery.kubernetes "services" {
        	role = "service"
        }

        discovery.kubernetes "endpoints" {
        	role = "endpoints"
        }

        discovery.kubernetes "endpointslices" {
        	role = "endpointslice"
        }

        discovery.kubernetes "ingresses" {
        	role = "ingress"
        }
    kind: ConfigMap
    metadata:
      labels:
        app.kubernetes.io/component: config
        app.kubernetes.io/instance: RELEASE-NAME
        app.kubernetes.io/managed-by: Helm
        app.kubernetes.io/name: app
        app.kubernetes.io/part-of: alloy
        app.kubernetes.io/version: v1.15.0
        helm.sh/chart: app-1.7.0
      name: RELEASE-NAME-app
      namespace: NAMESPACE
  3: |
    apiVersion: apps/v1
    kind: DaemonSet
    metadata:
      labels:
        app.kubernetes.io/instance: RELEASE-NAME
        app.kubernetes.io/managed-by: Helm
        app.kubernetes.io/name: app
        app.kubernetes.io/part-of: alloy
        app.kubernetes.io/version: v1.15.0
        helm.sh/chart: app-1.7.0
      name: RELEASE-NAME-app
      namespace: NAMESPACE
    spec:
      selector:
        matchLabels:
          app.kubernetes.io/instance: RELEASE-NAME
          app.kubernetes.io/name: app
      template:
        metadata:
          annotations:
            kubectl.kubernetes.io/default-container: alloy
          labels:
            app.kubernetes.io/instance: RELEASE-NAME
            app.kubernetes.io/name: app
        spec:
          containers:
            - args:
                - run
                - /etc/alloy/config.alloy
                - --storage.path=/tmp/alloy
                - --server.http.listen-addr=0.0.0.0:12345
                - --server.http.ui-path-prefix=/
                - --stability.level=generally-available
              env:
                - name: ALLOY_DEPLOY_MODE
                  value: helm
                - name: HOSTNAME
                  valueFrom:
                    fieldRef:
                      fieldPath: spec.nodeName
                - name: K8S_NODE_NAME
                  valueFrom:
                    fieldRef:
                      fieldPath: spec.nodeName
              image: docker.io/grafana/alloy:v1.15.0
              imagePullPolicy: IfNotPresent
              name: alloy
              ports:
                - containerPort: 12345
                  name: http-metrics
              readinessProbe:
                httpGet:
                  path: /-/ready
                  port: 12345
                  scheme: HTTP
                initialDelaySeconds: 10
                timeoutSeconds: 1
              volumeMounts:
                - mountPath: /etc/alloy
                  name: config
            - args:
                - --watched-dir=/etc/alloy
                - --reload-url=http://localhost:12345/-/reload
              image: quay.io/prometheus-operator/prometheus-config-reloader:v0.81.0
              imagePullPolicy: IfNotPresent
              name: config-reloader
              resources:
                requests:
                  cpu: 10m
                  memory: 50Mi
              volumeMounts:
                - mountPath: /etc/alloy
                  name: config
          dnsPolicy: ClusterFirst
          serviceAccountName: RELEASE-NAME-app
          volumes:
            - configMap:
                name: RELEASE-NAME-app
              name: config
  4: |
    apiVersion: rbac.authorization.k8s.io/v1
    kind: ClusterRole
    metadata:
      labels:
        app.kubernetes.io/component: rbac
        app.kubernetes.io/instance: RELEASE-NAME
        app.kubernetes.io/managed-by: Helm
        app.kubernetes.io/name: app
        app.kubernetes.io/part-of: alloy
        app.kubernetes.io/version: v1.15.0
        helm.sh/chart: app-1.7.0
      name: RELEASE-NAME-app
    rules:
      - apiGroups:
          - ""
          - discovery.k8s.io
          - networking.k8s.io
        resources:
          - endpoints
          - endpointslices
          - ingresses
          - pods
          - services
        verbs:
          - get
          - list
          - watch
      - apiGroups:
          - ""
        resources:
          - pods
          - pods/log
          - namespaces
        verbs:
          - get
          - list
          - watch
      - apiGroups:
          - monitoring.grafana.com
        resources:
          - podlogs
        verbs:
          - get
          - list
          - watch
      - apiGroups:
          - monitoring.coreos.com
        resources:
          - prometheusrules
        verbs:
          - get
          - list
          - watch
      - apiGroups:
          - monitoring.coreos.com
        resources:
          - alertmanagerconfigs
        verbs:
          - get
          - list
          - watch
      - apiGroups:
          - monitoring.coreos.com
        resources:
          - podmonitors
          - servicemonitors
          - probes
          - scrapeconfigs
        verbs:
          - get
          - list
          - watch
      - apiGroups:
          - ""
        resources:
          - events
        verbs:
          - get
          - list
          - watch
      - apiGroups:
          - ""
        resources:
          - configmaps
          - secrets
        verbs:
          - get
          - list
          - watch
      - apiGroups:
          - apps
          - extensions
        resources:
          - replicasets
        verbs:
          - get
          - list
          - watch
      - apiGroups:
          - ""
        resources:
          - nodes
        verbs:
          - get
          - list
          - watch
      - apiGroups:
          - ""
        resources:
          - nodes/pods
        verbs:
          - get
          - list
          - watch
      - apiGroups:
          - ""
        resources:
          - nodes/metrics
        verbs:
          - get
          - list
          - watch
      - nonResourceURLs:
          - /metrics
        verbs:
          - get
  5: |
    apiVersion: rbac.authorization.k8s.io/v1
    kind: ClusterRoleBinding
    metadata:
      labels:
        app.kubernetes.io/component: rbac
        app.kubernetes.io/instance: RELEASE-NAME
        app.kubernetes.io/managed-by: Helm
        app.kubernetes.io/name: app
        app.kubernetes.io/part-of: alloy
        app.kubernetes.io/version: v1.15.0
        helm.sh/chart: app-1.7.0
      name: RELEASE-NAME-app
    roleRef:
      apiGroup: rbac.authorization.k8s.io
      kind: ClusterRole
      name: RELEASE-NAME-app
    subjects:
      - kind: ServiceAccount
        name: RELEASE-NAME-app
        namespace: NAMESPACE
  6: |
    apiVersion: v1
    kind: Service
    metadata:
      labels:
        app.kubernetes.io/component: networking
        app.kubernetes.io/instance: RELEASE-NAME
        app.kubernetes.io/managed-by: Helm
        app.kubernetes.io/name: app
        app.kubernetes.io/part-of: alloy
        app.kubernetes.io/version: v1.15.0
        helm.sh/chart: app-1.7.0
      name: RELEASE-NAME-app
      namespace: NAMESPACE
    spec:
      ports:
        - name: http-metrics
          port: 12345
          protocol: TCP
          targetPort: 12345
      selector:
        app.kubernetes.io/instance: RELEASE-NAME
        app.kubernetes.io/name: app
      type: ClusterIP
  7: |
    apiVersion: v1
    automountServiceAccountToken: true
    kind: ServiceAccount
    metadata:
      labels:
        app.kubernetes.io/component: rbac
        app.kubernetes.io/instance: RELEASE-NAME
        app.kubernetes.io/managed-by: Helm
        app.kubernetes.io/name: app
        app.kubernetes.io/part-of: alloy
        app.kubernetes.io/version: v1.15.0
        helm.sh/chart: app-1.7.0
      name: RELEASE-NAME-app
      namespace: NAMESPACE
