renders:
  1: |
    raw: |2


      RELEASE-NAME with docker.io/traefik:v3.6.7 has been deployed successfully on NAMESPACE namespace!
  2: |
    apiVersion: apps/v1
    kind: Deployment
    metadata:
      annotations: null
      labels:
        app.kubernetes.io/instance: RELEASE-NAME-NAMESPACE
        app.kubernetes.io/managed-by: Helm
        app.kubernetes.io/name: app
        helm.sh/chart: app-39.0.0
      name: RELEASE-NAME-app
      namespace: NAMESPACE
    spec:
      minReadySeconds: 0
      replicas: 1
      selector:
        matchLabels:
          app.kubernetes.io/instance: RELEASE-NAME-NAMESPACE
          app.kubernetes.io/name: app
      strategy:
        rollingUpdate:
          maxSurge: 1
          maxUnavailable: 0
        type: RollingUpdate
      template:
        metadata:
          annotations:
            prometheus.io/path: /metrics
            prometheus.io/port: "9100"
            prometheus.io/scrape: "true"
          labels:
            app.kubernetes.io/instance: RELEASE-NAME-NAMESPACE
            app.kubernetes.io/managed-by: Helm
            app.kubernetes.io/name: app
            helm.sh/chart: app-39.0.0
        spec:
          automountServiceAccountToken: true
          containers:
            - args:
                - --global.checkNewVersion=false
                - --entryPoints.metrics.address=:9100/tcp
                - --entryPoints.traefik.address=:8080/tcp
                - --entryPoints.web.address=:8000/tcp
                - --entryPoints.websecure.address=:8443/tcp
                - --api.dashboard=true
                - --ping=true
                - --metrics.prometheus=true
                - --metrics.prometheus.entrypoint=metrics
                - --experimental.abortonpluginfailure=true
                - --providers.kubernetescrd
                - --providers.kubernetescrd.allowEmptyServices=true
                - --providers.kubernetesingress
                - --providers.kubernetesingress.allowEmptyServices=true
                - --providers.kubernetesingress.ingressendpoint.publishedservice=NAMESPACE/RELEASE-NAME-app
                - --entryPoints.websecure.http.tls=true
                - --log.format=json
                - --log.level=INFO
                - --accesslog=true
                - --accesslog.format=json
                - --accesslog.filters.statuscodes=400-499,500-599
                - --accesslog.fields.defaultmode=keep
                - --accesslog.fields.headers.defaultmode=drop
              env:
                - name: POD_NAME
                  valueFrom:
                    fieldRef:
                      fieldPath: metadata.name
                - name: POD_NAMESPACE
                  valueFrom:
                    fieldRef:
                      fieldPath: metadata.namespace
                - name: USER
                  value: traefik
              image: docker.io/traefik:v3.6.7
              imagePullPolicy: IfNotPresent
              lifecycle: null
              livenessProbe:
                failureThreshold: 3
                httpGet:
                  path: /ping
                  port: 8080
                  scheme: HTTP
                initialDelaySeconds: 2
                periodSeconds: 10
                successThreshold: 1
                timeoutSeconds: 2
              name: RELEASE-NAME-app
              ports:
                - containerPort: 9100
                  name: metrics
                  protocol: TCP
                - containerPort: 8080
                  name: traefik
                  protocol: TCP
                - containerPort: 8000
                  name: web
                  protocol: TCP
                - containerPort: 8443
                  name: websecure
                  protocol: TCP
              readinessProbe:
                failureThreshold: 1
                httpGet:
                  path: /ping
                  port: 8080
                  scheme: HTTP
                initialDelaySeconds: 2
                periodSeconds: 10
                successThreshold: 1
                timeoutSeconds: 2
              resources: null
              securityContext:
                allowPrivilegeEscalation: false
                capabilities:
                  drop:
                    - ALL
                readOnlyRootFilesystem: true
              volumeMounts:
                - mountPath: /data
                  name: data
                - mountPath: /tmp
                  name: tmp
          hostNetwork: false
          securityContext:
            runAsGroup: 65532
            runAsNonRoot: true
            runAsUser: 65532
            seccompProfile:
              type: RuntimeDefault
          serviceAccountName: RELEASE-NAME-app
          terminationGracePeriodSeconds: 60
          volumes:
            - emptyDir: {}
              name: data
            - emptyDir: {}
              name: tmp
  3: |
    apiVersion: networking.k8s.io/v1
    kind: IngressClass
    metadata:
      annotations:
        ingressclass.kubernetes.io/is-default-class: "true"
      labels:
        app.kubernetes.io/instance: RELEASE-NAME-NAMESPACE
        app.kubernetes.io/managed-by: Helm
        app.kubernetes.io/name: app
        helm.sh/chart: app-39.0.0
      name: RELEASE-NAME-app
    spec:
      controller: traefik.io/ingress-controller
  4: |
    apiVersion: rbac.authorization.k8s.io/v1
    kind: ClusterRole
    metadata:
      labels:
        app.kubernetes.io/instance: RELEASE-NAME-NAMESPACE
        app.kubernetes.io/managed-by: Helm
        app.kubernetes.io/name: app
        helm.sh/chart: app-39.0.0
      name: RELEASE-NAME-app-NAMESPACE
    rules:
      - apiGroups:
          - ""
        resources:
          - configmaps
          - nodes
          - services
        verbs:
          - get
          - list
          - watch
      - apiGroups:
          - discovery.k8s.io
        resources:
          - endpointslices
        verbs:
          - list
          - watch
      - apiGroups:
          - ""
        resources:
          - pods
        verbs:
          - get
      - apiGroups:
          - ""
        resources:
          - secrets
        verbs:
          - get
          - list
          - watch
      - apiGroups:
          - extensions
          - networking.k8s.io
        resources:
          - ingressclasses
          - ingresses
        verbs:
          - get
          - list
          - watch
      - apiGroups:
          - extensions
          - networking.k8s.io
        resources:
          - ingresses/status
        verbs:
          - update
      - apiGroups:
          - ""
        resources:
          - namespaces
        verbs:
          - list
          - watch
      - apiGroups:
          - traefik.io
        resources:
          - ingressroutes
          - ingressroutetcps
          - ingressrouteudps
          - middlewares
          - middlewaretcps
          - serverstransports
          - serverstransporttcps
          - tlsoptions
          - tlsstores
          - traefikservices
        verbs:
          - get
          - list
          - watch
  5: |
    apiVersion: rbac.authorization.k8s.io/v1
    kind: ClusterRoleBinding
    metadata:
      labels:
        app.kubernetes.io/instance: RELEASE-NAME-NAMESPACE
        app.kubernetes.io/managed-by: Helm
        app.kubernetes.io/name: app
        helm.sh/chart: app-39.0.0
      name: RELEASE-NAME-app-NAMESPACE
    roleRef:
      apiGroup: rbac.authorization.k8s.io
      kind: ClusterRole
      name: RELEASE-NAME-app-NAMESPACE
    subjects:
      - kind: ServiceAccount
        name: RELEASE-NAME-app
        namespace: NAMESPACE
  6: |
    apiVersion: v1
    automountServiceAccountToken: false
    kind: ServiceAccount
    metadata:
      annotations: null
      labels:
        app.kubernetes.io/instance: RELEASE-NAME-NAMESPACE
        app.kubernetes.io/managed-by: Helm
        app.kubernetes.io/name: app
        helm.sh/chart: app-39.0.0
      name: RELEASE-NAME-app
      namespace: NAMESPACE
  7: |
    apiVersion: v1
    kind: Service
    metadata:
      annotations: null
      labels:
        app.kubernetes.io/instance: RELEASE-NAME-NAMESPACE
        app.kubernetes.io/managed-by: Helm
        app.kubernetes.io/name: app
        helm.sh/chart: app-39.0.0
      name: RELEASE-NAME-app
      namespace: NAMESPACE
    spec:
      externalTrafficPolicy: Local
      ports:
        - name: web
          port: 80
          protocol: TCP
          targetPort: web
        - name: websecure
          port: 443
          protocol: TCP
          targetPort: websecure
      selector:
        app.kubernetes.io/instance: RELEASE-NAME-NAMESPACE
        app.kubernetes.io/name: app
      type: LoadBalancer
